# ds-sim server 28-Feb, 2023 @ MQ - client-server
# Server-side simulator started with './ds-server -c ../../configs/sample-configs/sample-config02.xml -n -v brief'
# Waiting for connection to port 50000 of IP address 127.0.0.1
RCVD HELO
SENT OK
RCVD AUTH crystal
# Welcome  crystal!
# The system information can be read from 'ds-system.xml'
SENT OK
RCVD REDY
SENT JOBN 37 0 7573 3 700 3800
RCVD SCHD 0 silkroad 0
t:         37 job     0 (waiting) on # 0 of server silkroad (booting) SCHEDULED
SENT OK
RCVD REDY
SENT JOBN 60 1 2025 2 1500 2900
RCVD SCHD 1 silkroad 1
t:         60 job     1 (waiting) on # 1 of server silkroad (booting) SCHEDULED
SENT OK
RCVD REDY
SENT JOBN 96 2 21943 2 1500 2100
RCVD SCHD 2 silkroad 0
t:         96 job     2 (waiting) on # 0 of server silkroad (booting) SCHEDULED
SENT OK
RCVD REDY
SENT JOBN 101 3 29081 4 1800 5100
RCVD SCHD 3 silkroad 1
t:        101 job     3 (waiting) on # 1 of server silkroad (booting) SCHEDULED
SENT OK
RCVD REDY
t:        117 job     0 on # 0 of server silkroad RUNNING
t:        117 job     2 on # 0 of server silkroad RUNNING
SENT JOBN 137 4 111 1 100 2000
RCVD SCHD 4 silkroad 0
t:        137 job     4 (running) on # 0 of server silkroad (active) SCHEDULED
t:        137 job     4 on # 0 of server silkroad RUNNING
SENT OK
RCVD REDY
t:        140 job     1 on # 1 of server silkroad RUNNING
t:        140 job     3 on # 1 of server silkroad RUNNING
SENT JOBN 141 5 80 3 2700 2600
RCVD SCHD 5 silkroad 1
t:        141 job     5 (waiting) on # 1 of server silkroad (active) SCHEDULED
SENT OK
RCVD REDY
SENT JOBN 163 6 36990 4 4000 7600
RCVD SCHD 6 silkroad 0
t:        163 job     6 (waiting) on # 0 of server silkroad (active) SCHEDULED
SENT OK
RCVD REDY
SENT JOBN 190 7 442 2 500 2100
RCVD SCHD 7 silkroad 1
t:        190 job     7 (waiting) on # 1 of server silkroad (active) SCHEDULED
SENT OK
RCVD REDY
SENT JOBN 214 8 926 1 100 800
RCVD SCHD 8 silkroad 0
t:        214 job     8 (waiting) on # 0 of server silkroad (active) SCHEDULED
SENT OK
RCVD REDY
t:        303 job     4 on # 0 of server silkroad COMPLETED
SENT JCPL 303 4 silkroad 0
RCVD REDY
SENT JOBN 328 9 2010 2 600 1500
RCVD SCHD 9 silkroad 1
t:        328 job     9 (waiting) on # 1 of server silkroad (active) SCHEDULED
SENT OK
RCVD REDY
SENT JOBN 535 10 380 1 200 100
RCVD SCHD 10 silkroad 0
t:        535 job    10 (waiting) on # 0 of server silkroad (active) SCHEDULED
SENT OK
RCVD REDY
SENT JOBN 577 11 114 1 700 400
RCVD SCHD 11 silkroad 1
t:        577 job    11 (waiting) on # 1 of server silkroad (active) SCHEDULED
SENT OK
RCVD REDY
SENT JOBN 669 12 1682 3 1900 500
RCVD SCHD 12 silkroad 0
t:        669 job    12 (waiting) on # 0 of server silkroad (active) SCHEDULED
SENT OK
RCVD REDY
SENT JOBN 814 13 340 4 3500 3900
RCVD SCHD 13 silkroad 1
t:        814 job    13 (waiting) on # 1 of server silkroad (active) SCHEDULED
SENT OK
RCVD REDY
SENT JOBN 1219 14 36028 8 4700 5900
RCVD SCHD 14 silkroad 0
t:       1219 job    14 (waiting) on # 0 of server silkroad (active) SCHEDULED
SENT OK
RCVD REDY
t:       1235 job     1 on # 1 of server silkroad COMPLETED
t:       1235 job     5 on # 1 of server silkroad RUNNING
SENT JCPL 1235 1 silkroad 1
RCVD REDY
t:       1575 job     5 on # 1 of server silkroad COMPLETED
t:       1575 job     7 on # 1 of server silkroad RUNNING
t:       1575 job     9 on # 1 of server silkroad RUNNING
SENT JCPL 1575 5 silkroad 1
RCVD REDY
t:       1925 job     7 on # 1 of server silkroad COMPLETED
t:       1925 job    11 on # 1 of server silkroad RUNNING
SENT JCPL 1925 7 silkroad 1
RCVD REDY
t:       2046 job    11 on # 1 of server silkroad COMPLETED
SENT JCPL 2046 11 silkroad 1
RCVD REDY
SENT JOBN 2451 15 692 1 900 2800
RCVD SCHD 15 silkroad 1
t:       2451 job    15 (waiting) on # 1 of server silkroad (active) SCHEDULED
SENT OK
RCVD REDY
SENT JOBN 2587 16 58799 2 300 2500
RCVD SCHD 16 silkroad 0
t:       2587 job    16 (waiting) on # 0 of server silkroad (active) SCHEDULED
SENT OK
RCVD REDY
t:       3045 job     9 on # 1 of server silkroad COMPLETED
t:       3045 job    13 on # 1 of server silkroad RUNNING
SENT JCPL 3045 9 silkroad 1
RCVD REDY
t:       3405 job    13 on # 1 of server silkroad COMPLETED
t:       3405 job    15 on # 1 of server silkroad RUNNING
SENT JCPL 3405 13 silkroad 1
RCVD REDY
SENT JOBN 3461 17 2220 2 1600 3500
RCVD SCHD 17 silkroad 1
t:       3461 job    17 (running) on # 1 of server silkroad (active) SCHEDULED
t:       3461 job    17 on # 1 of server silkroad RUNNING
SENT OK
RCVD REDY
t:       4298 job    15 on # 1 of server silkroad COMPLETED
SENT JCPL 4298 15 silkroad 1
RCVD REDY
t:       4708 job    17 on # 1 of server silkroad COMPLETED
SENT JCPL 4708 17 silkroad 1
RCVD REDY
SENT JOBN 4828 18 2382 4 800 1100
RCVD SCHD 18 silkroad 0
t:       4828 job    18 (waiting) on # 0 of server silkroad (active) SCHEDULED
SENT OK
RCVD REDY
SENT JOBN 6122 19 53123 7 2900 5900
RCVD SCHD 19 silkroad 1
t:       6122 job    19 (waiting) on # 1 of server silkroad (active) SCHEDULED
SENT OK
RCVD REDY
t:      12597 job     0 on # 0 of server silkroad COMPLETED
t:      12597 job     6 on # 0 of server silkroad RUNNING
t:      12597 job     8 on # 0 of server silkroad RUNNING
t:      12597 job    10 on # 0 of server silkroad RUNNING
SENT JCPL 12597 0 silkroad 0
RCVD REDY
t:      12859 job    10 on # 0 of server silkroad COMPLETED
SENT JCPL 12859 10 silkroad 0
RCVD REDY
t:      13421 job     8 on # 0 of server silkroad COMPLETED
SENT JCPL 13421 8 silkroad 0
RCVD REDY
SENT JOBN 23749 20 990 1 500 1600
RCVD SCHD 20 silkroad 0
t:      23749 job    20 (waiting) on # 0 of server silkroad (active) SCHEDULED
SENT OK
RCVD REDY
SENT JOBN 25069 21 319 4 400 2000
RCVD SCHD 21 silkroad 1
t:      25069 job    21 (waiting) on # 1 of server silkroad (active) SCHEDULED
SENT OK
RCVD REDY
SENT JOBN 25796 22 136124 3 3000 2200
RCVD SCHD 22 silkroad 0
t:      25796 job    22 (waiting) on # 0 of server silkroad (active) SCHEDULED
SENT OK
RCVD REDY
SENT JOBN 25861 23 165 1 800 1400
RCVD SCHD 23 silkroad 1
t:      25861 job    23 (waiting) on # 1 of server silkroad (active) SCHEDULED
SENT OK
RCVD REDY
SENT JOBN 26544 24 1019 4 900 3600
RCVD SCHD 24 silkroad 0
t:      26544 job    24 (waiting) on # 0 of server silkroad (active) SCHEDULED
SENT OK
RCVD REDY
SENT JOBN 27202 25 646 4 3400 4400
RCVD SCHD 25 silkroad 1
t:      27202 job    25 (waiting) on # 1 of server silkroad (active) SCHEDULED
SENT OK
RCVD REDY
SENT JOBN 27916 26 1575 3 3200 3800
RCVD SCHD 26 silkroad 0
t:      27916 job    26 (waiting) on # 0 of server silkroad (active) SCHEDULED
SENT OK
RCVD REDY
SENT JOBN 28710 27 799 3 2100 2500
RCVD SCHD 27 silkroad 1
t:      28710 job    27 (waiting) on # 1 of server silkroad (active) SCHEDULED
SENT OK
RCVD REDY
SENT JOBN 29592 28 338 1 1900 2500
RCVD SCHD 28 silkroad 0
t:      29592 job    28 (waiting) on # 0 of server silkroad (active) SCHEDULED
SENT OK
RCVD REDY
SENT JOBN 30326 29 13 4 4300 6000
RCVD SCHD 29 silkroad 1
t:      30326 job    29 (waiting) on # 1 of server silkroad (active) SCHEDULED
SENT OK
RCVD REDY
SENT JOBN 31035 30 666 2 1300 1200
RCVD SCHD 30 silkroad 0
t:      31035 job    30 (waiting) on # 0 of server silkroad (active) SCHEDULED
SENT OK
RCVD REDY
SENT JOBN 31657 31 1378 3 1400 4100
RCVD SCHD 31 silkroad 1
t:      31657 job    31 (waiting) on # 1 of server silkroad (active) SCHEDULED
SENT OK
RCVD REDY
t:      31762 job     3 on # 1 of server silkroad COMPLETED
t:      31762 job    19 on # 1 of server silkroad RUNNING
SENT JCPL 31762 3 silkroad 1
RCVD REDY
SENT JOBN 31975 32 233 1 500 900
RCVD SCHD 32 silkroad 0
t:      31975 job    32 (waiting) on # 0 of server silkroad (active) SCHEDULED
SENT OK
RCVD REDY
t:      32328 job     2 on # 0 of server silkroad COMPLETED
t:      32328 job    12 on # 0 of server silkroad RUNNING
SENT JCPL 32328 2 silkroad 0
RCVD REDY
SENT JOBN 32631 33 1426 1 400 1000
RCVD SCHD 33 silkroad 1
t:      32631 job    33 (waiting) on # 1 of server silkroad (active) SCHEDULED
SENT OK
RCVD REDY
SENT JOBN 33042 34 1815 1 800 1700
RCVD SCHD 34 silkroad 0
t:      33042 job    34 (waiting) on # 0 of server silkroad (active) SCHEDULED
SENT OK
RCVD REDY
SENT JOBN 33433 35 10040 3 3000 2500
RCVD SCHD 35 silkroad 1
t:      33433 job    35 (waiting) on # 1 of server silkroad (active) SCHEDULED
SENT OK
RCVD REDY
SENT JOBN 33736 36 214 4 3300 7900
RCVD SCHD 36 silkroad 0
t:      33736 job    36 (waiting) on # 0 of server silkroad (active) SCHEDULED
SENT OK
RCVD REDY
t:      34035 job    12 on # 0 of server silkroad COMPLETED
SENT JCPL 34035 12 silkroad 0
RCVD REDY
SENT JOBN 34458 37 11477 1 800 400
RCVD SCHD 37 silkroad 1
t:      34458 job    37 (waiting) on # 1 of server silkroad (active) SCHEDULED
SENT OK
RCVD REDY
SENT JOBN 34955 38 2848 4 900 2400
RCVD SCHD 38 silkroad 0
t:      34955 job    38 (waiting) on # 0 of server silkroad (active) SCHEDULED
SENT OK
RCVD REDY
SENT JOBN 35279 39 1493 3 500 2000
RCVD SCHD 39 silkroad 1
t:      35279 job    39 (waiting) on # 1 of server silkroad (active) SCHEDULED
SENT OK
RCVD REDY
t:      35673 job     6 on # 0 of server silkroad COMPLETED
t:      35673 job    14 on # 0 of server silkroad RUNNING
SENT JCPL 35673 6 silkroad 0
RCVD REDY
SENT JOBN 36905 40 58 1 800 600
RCVD SCHD 40 silkroad 0
t:      36905 job    40 (waiting) on # 0 of server silkroad (active) SCHEDULED
SENT OK
RCVD REDY
SENT JOBN 37325 41 113 1 100 1000
RCVD SCHD 41 silkroad 1
t:      37325 job    41 (waiting) on # 1 of server silkroad (active) SCHEDULED
SENT OK
RCVD REDY
SENT JOBN 38100 42 367 1 200 1500
RCVD SCHD 42 silkroad 0
t:      38100 job    42 (waiting) on # 0 of server silkroad (active) SCHEDULED
SENT OK
RCVD REDY
SENT JOBN 38250 43 1 7 5500 3800
RCVD SCHD 43 silkroad 1
t:      38250 job    43 (waiting) on # 1 of server silkroad (active) SCHEDULED
SENT OK
RCVD REDY
SENT JOBN 38937 44 155 4 2500 900
RCVD SCHD 44 silkroad 0
t:      38937 job    44 (waiting) on # 0 of server silkroad (active) SCHEDULED
SENT OK
RCVD REDY
SENT JOBN 39319 45 85240 1 300 1700
RCVD SCHD 45 silkroad 1
t:      39319 job    45 (waiting) on # 1 of server silkroad (active) SCHEDULED
SENT OK
RCVD REDY
SENT JOBN 39417 46 60 4 1200 3600
RCVD SCHD 46 silkroad 0
t:      39417 job    46 (waiting) on # 0 of server silkroad (active) SCHEDULED
SENT OK
RCVD REDY
SENT JOBN 39523 47 1352 4 1000 4500
RCVD SCHD 47 silkroad 1
t:      39523 job    47 (waiting) on # 1 of server silkroad (active) SCHEDULED
SENT OK
RCVD REDY
SENT JOBN 39611 48 257 2 1500 2700
RCVD SCHD 48 silkroad 0
t:      39611 job    48 (waiting) on # 0 of server silkroad (active) SCHEDULED
SENT OK
RCVD REDY
SENT JOBN 39976 49 2 3 300 4000
RCVD SCHD 49 silkroad 1
t:      39976 job    49 (waiting) on # 1 of server silkroad (active) SCHEDULED
SENT OK
RCVD REDY
SENT JOBN 40417 50 133432 3 2700 3300
RCVD SCHD 50 silkroad 0
t:      40417 job    50 (waiting) on # 0 of server silkroad (active) SCHEDULED
SENT OK
RCVD REDY
SENT JOBN 40643 51 2435 2 1800 900
RCVD SCHD 51 silkroad 1
t:      40643 job    51 (waiting) on # 1 of server silkroad (active) SCHEDULED
SENT OK
RCVD REDY
SENT JOBN 41185 52 58 1 1000 1400
RCVD SCHD 52 silkroad 0
t:      41185 job    52 (waiting) on # 0 of server silkroad (active) SCHEDULED
SENT OK
RCVD REDY
SENT JOBN 41575 53 748 1 300 200
RCVD SCHD 53 silkroad 1
t:      41575 job    53 (waiting) on # 1 of server silkroad (active) SCHEDULED
SENT OK
RCVD REDY
SENT JOBN 42066 54 1384 4 4000 2200
RCVD SCHD 54 silkroad 0
t:      42066 job    54 (waiting) on # 0 of server silkroad (active) SCHEDULED
SENT OK
RCVD REDY
SENT JOBN 42245 55 1978 5 2800 4000
RCVD SCHD 55 silkroad 1
t:      42245 job    55 (waiting) on # 1 of server silkroad (active) SCHEDULED
SENT OK
RCVD REDY
SENT JOBN 43727 56 293 1 1000 100
RCVD SCHD 56 silkroad 0
t:      43727 job    56 (waiting) on # 0 of server silkroad (active) SCHEDULED
SENT OK
RCVD REDY
SENT JOBN 44342 57 883 1 500 300
RCVD SCHD 57 silkroad 1
t:      44342 job    57 (waiting) on # 1 of server silkroad (active) SCHEDULED
SENT OK
RCVD REDY
SENT JOBN 44815 58 1497 1 100 600
RCVD SCHD 58 silkroad 0
t:      44815 job    58 (waiting) on # 0 of server silkroad (active) SCHEDULED
SENT OK
RCVD REDY
SENT JOBN 45483 59 126 3 1900 3600
RCVD SCHD 59 silkroad 1
t:      45483 job    59 (waiting) on # 1 of server silkroad (active) SCHEDULED
SENT OK
RCVD REDY
SENT JOBN 45856 60 92 1 1000 200
RCVD SCHD 60 silkroad 0
t:      45856 job    60 (waiting) on # 0 of server silkroad (active) SCHEDULED
SENT OK
RCVD REDY
SENT JOBN 46167 61 2446 2 2100 1500
RCVD SCHD 61 silkroad 1
t:      46167 job    61 (waiting) on # 1 of server silkroad (active) SCHEDULED
SENT OK
RCVD REDY
SENT JOBN 46776 62 1950 1 1000 1400
RCVD SCHD 62 silkroad 0
t:      46776 job    62 (waiting) on # 0 of server silkroad (active) SCHEDULED
SENT OK
RCVD REDY
SENT JOBN 47163 63 175162 4 3800 4500
RCVD SCHD 63 silkroad 1
t:      47163 job    63 (waiting) on # 1 of server silkroad (active) SCHEDULED
SENT OK
RCVD REDY
SENT JOBN 47816 64 19 3 300 1600
RCVD SCHD 64 silkroad 0
t:      47816 job    64 (waiting) on # 0 of server silkroad (active) SCHEDULED
SENT OK
RCVD REDY
SENT JOBN 48429 65 154 3 2000 6100
RCVD SCHD 65 silkroad 1
t:      48429 job    65 (waiting) on # 1 of server silkroad (active) SCHEDULED
SENT OK
RCVD REDY
SENT JOBN 48811 66 494 2 800 2000
RCVD SCHD 66 silkroad 0
t:      48811 job    66 (waiting) on # 0 of server silkroad (active) SCHEDULED
SENT OK
RCVD REDY
SENT JOBN 49191 67 96384 4 900 2200
RCVD SCHD 67 silkroad 1
t:      49191 job    67 (waiting) on # 1 of server silkroad (active) SCHEDULED
SENT OK
RCVD REDY
SENT JOBN 49339 68 14570 3 400 1600
RCVD SCHD 68 silkroad 0
t:      49339 job    68 (waiting) on # 0 of server silkroad (active) SCHEDULED
SENT OK
RCVD REDY
SENT JOBN 56951 69 115 3 300 2100
RCVD SCHD 69 silkroad 1
t:      56951 job    69 (waiting) on # 1 of server silkroad (active) SCHEDULED
SENT OK
RCVD REDY
SENT JOBN 57610 70 62 4 600 2000
RCVD SCHD 70 silkroad 0
t:      57610 job    70 (waiting) on # 0 of server silkroad (active) SCHEDULED
SENT OK
RCVD REDY
SENT JOBN 57841 71 3090 1 800 400
RCVD SCHD 71 silkroad 1
t:      57841 job    71 (waiting) on # 1 of server silkroad (active) SCHEDULED
SENT OK
RCVD REDY
SENT JOBN 58306 72 59 3 1300 1900
RCVD SCHD 72 silkroad 0
t:      58306 job    72 (waiting) on # 0 of server silkroad (active) SCHEDULED
SENT OK
RCVD REDY
SENT JOBN 58599 73 623 2 500 2700
RCVD SCHD 73 silkroad 1
t:      58599 job    73 (waiting) on # 1 of server silkroad (active) SCHEDULED
SENT OK
RCVD REDY
SENT JOBN 58941 74 97 1 600 900
RCVD SCHD 74 silkroad 0
t:      58941 job    74 (waiting) on # 0 of server silkroad (active) SCHEDULED
SENT OK
RCVD REDY
SENT JOBN 59378 75 52 3 2600 400
RCVD SCHD 75 silkroad 1
t:      59378 job    75 (waiting) on # 1 of server silkroad (active) SCHEDULED
SENT OK
RCVD REDY
t:      59686 job    14 on # 0 of server silkroad COMPLETED
t:      59686 job    16 on # 0 of server silkroad RUNNING
t:      59686 job    18 on # 0 of server silkroad RUNNING
t:      59686 job    20 on # 0 of server silkroad RUNNING
SENT JCPL 59686 14 silkroad 0
RCVD REDY
SENT JOBN 59759 76 28 2 1400 300
RCVD SCHD 76 silkroad 0
t:      59759 job    76 (waiting) on # 0 of server silkroad (active) SCHEDULED
SENT OK
RCVD REDY
SENT JOBN 59862 77 25515 1 200 1800
RCVD SCHD 77 silkroad 1
t:      59862 job    77 (waiting) on # 1 of server silkroad (active) SCHEDULED
SENT OK
RCVD REDY
SENT JOBN 60187 78 8353 2 1100 2800
RCVD SCHD 78 silkroad 0
t:      60187 job    78 (waiting) on # 0 of server silkroad (active) SCHEDULED
SENT OK
RCVD REDY
t:      60365 job    20 on # 0 of server silkroad COMPLETED
SENT JCPL 60365 20 silkroad 0
RCVD REDY
t:      60881 job    18 on # 0 of server silkroad COMPLETED
t:      60881 job    22 on # 0 of server silkroad RUNNING
SENT JCPL 60881 18 silkroad 0
RCVD REDY
SENT JOBN 61027 79 323 4 4000 1300
RCVD SCHD 79 silkroad 1
t:      61027 job    79 (waiting) on # 1 of server silkroad (active) SCHEDULED
SENT OK
RCVD REDY
SENT JOBN 61661 80 98449 4 4000 3200
RCVD SCHD 80 silkroad 0
t:      61661 job    80 (waiting) on # 0 of server silkroad (active) SCHEDULED
SENT OK
RCVD REDY
t:      61990 job    19 on # 1 of server silkroad COMPLETED
t:      61990 job    21 on # 1 of server silkroad RUNNING
t:      61990 job    23 on # 1 of server silkroad RUNNING
SENT JCPL 61990 19 silkroad 1
RCVD REDY
t:      62098 job    23 on # 1 of server silkroad COMPLETED
t:      62098 job    25 on # 1 of server silkroad RUNNING
SENT JCPL 62098 23 silkroad 1
RCVD REDY
t:      62355 job    21 on # 1 of server silkroad COMPLETED
t:      62355 job    27 on # 1 of server silkroad RUNNING
SENT JCPL 62355 21 silkroad 1
RCVD REDY
t:      63201 job    25 on # 1 of server silkroad COMPLETED
t:      63201 job    29 on # 1 of server silkroad RUNNING
SENT JCPL 63201 25 silkroad 1
RCVD REDY
t:      63209 job    29 on # 1 of server silkroad COMPLETED
t:      63209 job    31 on # 1 of server silkroad RUNNING
t:      63209 job    33 on # 1 of server silkroad RUNNING
SENT JCPL 63209 29 silkroad 1
RCVD REDY
t:      63894 job    27 on # 1 of server silkroad COMPLETED
t:      63894 job    35 on # 1 of server silkroad RUNNING
t:      63894 job    37 on # 1 of server silkroad RUNNING
SENT JCPL 63894 27 silkroad 1
RCVD REDY
t:      64072 job    31 on # 1 of server silkroad COMPLETED
t:      64072 job    39 on # 1 of server silkroad RUNNING
SENT JCPL 64072 31 silkroad 1
RCVD REDY
t:      64265 job    33 on # 1 of server silkroad COMPLETED
t:      64265 job    41 on # 1 of server silkroad RUNNING
SENT JCPL 64265 33 silkroad 1
RCVD REDY
t:      64421 job    41 on # 1 of server silkroad COMPLETED
SENT JCPL 64421 41 silkroad 1
RCVD REDY
t:      65658 job    39 on # 1 of server silkroad COMPLETED
SENT JCPL 65658 39 silkroad 1
RCVD REDY
t:      69612 job    35 on # 1 of server silkroad COMPLETED
t:      69612 job    43 on # 1 of server silkroad RUNNING
SENT JCPL 69612 35 silkroad 1
RCVD REDY
t:      69613 job    43 on # 1 of server silkroad COMPLETED
t:      69613 job    45 on # 1 of server silkroad RUNNING
t:      69613 job    47 on # 1 of server silkroad RUNNING
SENT JCPL 69613 43 silkroad 1
RCVD REDY
t:      70940 job    47 on # 1 of server silkroad COMPLETED
t:      70940 job    49 on # 1 of server silkroad RUNNING
t:      70940 job    51 on # 1 of server silkroad RUNNING
t:      70940 job    53 on # 1 of server silkroad RUNNING
SENT JCPL 70940 47 silkroad 1
RCVD REDY
t:      70945 job    49 on # 1 of server silkroad COMPLETED
SENT JCPL 70945 49 silkroad 1
RCVD REDY
t:      71912 job    53 on # 1 of server silkroad COMPLETED
SENT JCPL 71912 53 silkroad 1
RCVD REDY
t:      72233 job    51 on # 1 of server silkroad COMPLETED
t:      72233 job    55 on # 1 of server silkroad RUNNING
t:      72233 job    57 on # 1 of server silkroad RUNNING
SENT JCPL 72233 51 silkroad 1
RCVD REDY
t:      73220 job    57 on # 1 of server silkroad COMPLETED
SENT JCPL 73220 57 silkroad 1
RCVD REDY
t:      73368 job    55 on # 1 of server silkroad COMPLETED
t:      73368 job    59 on # 1 of server silkroad RUNNING
t:      73368 job    61 on # 1 of server silkroad RUNNING
SENT JCPL 73368 55 silkroad 1
RCVD REDY
t:      73551 job    59 on # 1 of server silkroad COMPLETED
t:      73551 job    63 on # 1 of server silkroad RUNNING
SENT JCPL 73551 59 silkroad 1
RCVD REDY
t:      74941 job    61 on # 1 of server silkroad COMPLETED
SENT JCPL 74941 61 silkroad 1
RCVD REDY
t:      88008 job    37 on # 1 of server silkroad COMPLETED
t:      88008 job    65 on # 1 of server silkroad RUNNING
SENT JCPL 88008 37 silkroad 1
RCVD REDY
t:      88150 job    65 on # 1 of server silkroad COMPLETED
SENT JCPL 88150 65 silkroad 1
RCVD REDY
SENT JOBN 97216 81 6 2 400 1100
RCVD SCHD 81 silkroad 1
t:      97216 job    81 (waiting) on # 1 of server silkroad (active) SCHEDULED
SENT OK
RCVD REDY
SENT JOBN 98359 82 148 1 100 1600
RCVD SCHD 82 silkroad 0
t:      98359 job    82 (waiting) on # 0 of server silkroad (active) SCHEDULED
SENT OK
RCVD REDY
SENT JOBN 98369 83 206 2 1400 3700
RCVD SCHD 83 silkroad 1
t:      98369 job    83 (waiting) on # 1 of server silkroad (active) SCHEDULED
SENT OK
RCVD REDY
SENT JOBN 98917 84 25 4 1100 800
RCVD SCHD 84 silkroad 0
t:      98917 job    84 (waiting) on # 0 of server silkroad (active) SCHEDULED
SENT OK
RCVD REDY
SENT JOBN 99124 85 10 1 300 300
RCVD SCHD 85 silkroad 1
t:      99124 job    85 (waiting) on # 1 of server silkroad (active) SCHEDULED
SENT OK
RCVD REDY
SENT JOBN 100170 86 35 1 600 1100
RCVD SCHD 86 silkroad 0
t:     100170 job    86 (waiting) on # 0 of server silkroad (active) SCHEDULED
SENT OK
RCVD REDY
SENT JOBN 100728 87 253 1 1000 1600
RCVD SCHD 87 silkroad 1
t:     100728 job    87 (waiting) on # 1 of server silkroad (active) SCHEDULED
SENT OK
RCVD REDY
SENT JOBN 101839 88 1406 4 1000 1900
RCVD SCHD 88 silkroad 0
t:     101839 job    88 (waiting) on # 0 of server silkroad (active) SCHEDULED
SENT OK
RCVD REDY
SENT JOBN 101901 89 349 8 1400 2300
RCVD SCHD 89 silkroad 1
t:     101901 job    89 (waiting) on # 1 of server silkroad (active) SCHEDULED
SENT OK
RCVD REDY
SENT JOBN 103171 90 243 3 2900 5300
RCVD SCHD 90 silkroad 0
t:     103171 job    90 (waiting) on # 0 of server silkroad (active) SCHEDULED
SENT OK
RCVD REDY
SENT JOBN 103271 91 865 3 1300 3800
RCVD SCHD 91 silkroad 1
t:     103271 job    91 (waiting) on # 1 of server silkroad (active) SCHEDULED
SENT OK
RCVD REDY
SENT JOBN 103516 92 41263 2 900 2900
RCVD SCHD 92 silkroad 0
t:     103516 job    92 (waiting) on # 0 of server silkroad (active) SCHEDULED
SENT OK
RCVD REDY
SENT JOBN 104122 93 64758 3 1200 4700
RCVD SCHD 93 silkroad 1
t:     104122 job    93 (waiting) on # 1 of server silkroad (active) SCHEDULED
SENT OK
RCVD REDY
SENT JOBN 105137 94 2 6 2700 6900
RCVD SCHD 94 silkroad 0
t:     105137 job    94 (waiting) on # 0 of server silkroad (active) SCHEDULED
SENT OK
RCVD REDY
SENT JOBN 106168 95 661 1 500 1900
RCVD SCHD 95 silkroad 1
t:     106168 job    95 (waiting) on # 1 of server silkroad (active) SCHEDULED
SENT OK
RCVD REDY
SENT JOBN 108635 96 1004 1 100 1700
RCVD SCHD 96 silkroad 0
t:     108635 job    96 (waiting) on # 0 of server silkroad (active) SCHEDULED
SENT OK
RCVD REDY
SENT JOBN 109720 97 95356 3 800 300
RCVD SCHD 97 silkroad 1
t:     109720 job    97 (waiting) on # 1 of server silkroad (active) SCHEDULED
SENT OK
RCVD REDY
t:     114824 job    16 on # 0 of server silkroad COMPLETED
t:     114824 job    24 on # 0 of server silkroad RUNNING
SENT JCPL 114824 16 silkroad 0
RCVD REDY
t:     115398 job    24 on # 0 of server silkroad COMPLETED
t:     115398 job    26 on # 0 of server silkroad RUNNING
t:     115398 job    28 on # 0 of server silkroad RUNNING
SENT JCPL 115398 24 silkroad 0
RCVD REDY
t:     115638 job    28 on # 0 of server silkroad COMPLETED
t:     115638 job    30 on # 0 of server silkroad RUNNING
SENT JCPL 115638 28 silkroad 0
RCVD REDY
t:     116045 job    30 on # 0 of server silkroad COMPLETED
t:     116045 job    32 on # 0 of server silkroad RUNNING
t:     116045 job    34 on # 0 of server silkroad RUNNING
SENT JCPL 116045 30 silkroad 0
RCVD REDY
t:     116263 job    32 on # 0 of server silkroad COMPLETED
SENT JCPL 116263 32 silkroad 0
RCVD REDY
t:     116818 job    26 on # 0 of server silkroad COMPLETED
t:     116818 job    36 on # 0 of server silkroad RUNNING
SENT JCPL 116818 26 silkroad 0
RCVD REDY
t:     116967 job    36 on # 0 of server silkroad COMPLETED
t:     116967 job    38 on # 0 of server silkroad RUNNING
SENT JCPL 116967 36 silkroad 0
RCVD REDY
t:     117034 job    34 on # 0 of server silkroad COMPLETED
t:     117034 job    40 on # 0 of server silkroad RUNNING
SENT JCPL 117034 34 silkroad 0
RCVD REDY
t:     117113 job    40 on # 0 of server silkroad COMPLETED
t:     117113 job    42 on # 0 of server silkroad RUNNING
SENT JCPL 117113 40 silkroad 0
RCVD REDY
t:     117328 job    42 on # 0 of server silkroad COMPLETED
SENT JCPL 117328 42 silkroad 0
RCVD REDY
t:     118492 job    38 on # 0 of server silkroad COMPLETED
t:     118492 job    44 on # 0 of server silkroad RUNNING
SENT JCPL 118492 38 silkroad 0
RCVD REDY
t:     118627 job    44 on # 0 of server silkroad COMPLETED
t:     118627 job    46 on # 0 of server silkroad RUNNING
SENT JCPL 118627 44 silkroad 0
RCVD REDY
t:     120222 job    46 on # 0 of server silkroad COMPLETED
t:     120222 job    48 on # 0 of server silkroad RUNNING
t:     120222 job    50 on # 0 of server silkroad RUNNING
SENT JCPL 120222 46 silkroad 0
RCVD REDY
t:     120470 job    48 on # 0 of server silkroad COMPLETED
t:     120470 job    52 on # 0 of server silkroad RUNNING
SENT JCPL 120470 48 silkroad 0
RCVD REDY
t:     120589 job    52 on # 0 of server silkroad COMPLETED
SENT JCPL 120589 52 silkroad 0
RCVD REDY
t:     127213 job    45 on # 1 of server silkroad COMPLETED
t:     127213 job    67 on # 1 of server silkroad RUNNING
SENT JCPL 127213 45 silkroad 1
RCVD REDY
SENT JOBN 127767 98 213 1 400 300
RCVD SCHD 98 silkroad 0
t:     127767 job    98 (waiting) on # 0 of server silkroad (active) SCHEDULED
SENT OK
RCVD REDY
SENT JOBN 128791 99 1725 2 1300 200
RCVD SCHD 99 silkroad 1
t:     128791 job    99 (waiting) on # 1 of server silkroad (active) SCHEDULED
SENT OK
RCVD REDY
t:     133121 job    22 on # 0 of server silkroad COMPLETED
t:     133121 job    54 on # 0 of server silkroad RUNNING
t:     133121 job    56 on # 0 of server silkroad RUNNING
SENT JCPL 133121 22 silkroad 0
RCVD REDY
t:     133318 job    56 on # 0 of server silkroad COMPLETED
t:     133318 job    58 on # 0 of server silkroad RUNNING
SENT JCPL 133318 56 silkroad 0
RCVD REDY
t:     134308 job    58 on # 0 of server silkroad COMPLETED
t:     134308 job    60 on # 0 of server silkroad RUNNING
SENT JCPL 134308 58 silkroad 0
RCVD REDY
t:     134365 job    60 on # 0 of server silkroad COMPLETED
t:     134365 job    62 on # 0 of server silkroad RUNNING
SENT JCPL 134365 60 silkroad 0
RCVD REDY
t:     134483 job    54 on # 0 of server silkroad COMPLETED
t:     134483 job    64 on # 0 of server silkroad RUNNING
SENT JCPL 134483 54 silkroad 0
RCVD REDY
t:     134556 job    64 on # 0 of server silkroad COMPLETED
t:     134556 job    66 on # 0 of server silkroad RUNNING
SENT JCPL 134556 64 silkroad 0
RCVD REDY
t:     135494 job    62 on # 0 of server silkroad COMPLETED
t:     135494 job    68 on # 0 of server silkroad RUNNING
SENT JCPL 135494 62 silkroad 0
RCVD REDY
t:     135640 job    66 on # 0 of server silkroad COMPLETED
SENT JCPL 135640 66 silkroad 0
RCVD REDY
t:     142937 job    68 on # 0 of server silkroad COMPLETED
t:     142937 job    70 on # 0 of server silkroad RUNNING
SENT JCPL 142937 68 silkroad 0
RCVD REDY
t:     143047 job    70 on # 0 of server silkroad COMPLETED
t:     143047 job    72 on # 0 of server silkroad RUNNING
t:     143047 job    74 on # 0 of server silkroad RUNNING
SENT JCPL 143047 70 silkroad 0
RCVD REDY
t:     143153 job    72 on # 0 of server silkroad COMPLETED
t:     143153 job    76 on # 0 of server silkroad RUNNING
t:     143153 job    78 on # 0 of server silkroad RUNNING
SENT JCPL 143153 72 silkroad 0
RCVD REDY
t:     143176 job    76 on # 0 of server silkroad COMPLETED
SENT JCPL 143176 76 silkroad 0
RCVD REDY
t:     143388 job    74 on # 0 of server silkroad COMPLETED
SENT JCPL 143388 74 silkroad 0
RCVD REDY
t:     166387 job    63 on # 1 of server silkroad COMPLETED
t:     166387 job    69 on # 1 of server silkroad RUNNING
t:     166387 job    71 on # 1 of server silkroad RUNNING
SENT JCPL 166387 63 silkroad 1
RCVD REDY
t:     166549 job    69 on # 1 of server silkroad COMPLETED
t:     166549 job    73 on # 1 of server silkroad RUNNING
SENT JCPL 166549 69 silkroad 1
RCVD REDY
t:     168069 job    71 on # 1 of server silkroad COMPLETED
SENT JCPL 168069 71 silkroad 1
RCVD REDY
t:     168207 job    73 on # 1 of server silkroad COMPLETED
t:     168207 job    75 on # 1 of server silkroad RUNNING
t:     168207 job    77 on # 1 of server silkroad RUNNING
SENT JCPL 168207 73 silkroad 1
RCVD REDY
t:     168306 job    75 on # 1 of server silkroad COMPLETED
SENT JCPL 168306 75 silkroad 1
RCVD REDY
t:     179893 job    78 on # 0 of server silkroad COMPLETED
t:     179893 job    80 on # 0 of server silkroad RUNNING
t:     179893 job    82 on # 0 of server silkroad RUNNING
SENT JCPL 179893 78 silkroad 0
RCVD REDY
t:     180168 job    82 on # 0 of server silkroad COMPLETED
SENT JCPL 180168 82 silkroad 0
RCVD REDY
t:     207168 job    50 on # 0 of server silkroad COMPLETED
t:     207168 job    84 on # 0 of server silkroad RUNNING
SENT JCPL 207168 50 silkroad 0
RCVD REDY
t:     207372 job    84 on # 0 of server silkroad COMPLETED
t:     207372 job    86 on # 0 of server silkroad RUNNING
SENT JCPL 207372 84 silkroad 0
RCVD REDY
t:     207399 job    86 on # 0 of server silkroad COMPLETED
t:     207399 job    88 on # 0 of server silkroad RUNNING
SENT JCPL 207399 86 silkroad 0
RCVD REDY
t:     208138 job    88 on # 0 of server silkroad COMPLETED
t:     208138 job    90 on # 0 of server silkroad RUNNING
SENT JCPL 208138 88 silkroad 0
RCVD REDY
t:     208338 job    90 on # 0 of server silkroad COMPLETED
t:     208338 job    92 on # 0 of server silkroad RUNNING
SENT JCPL 208338 90 silkroad 0
RCVD REDY
t:     220779 job    67 on # 1 of server silkroad COMPLETED
t:     220779 job    79 on # 1 of server silkroad RUNNING
t:     220779 job    81 on # 1 of server silkroad RUNNING
SENT JCPL 220779 67 silkroad 1
RCVD REDY
t:     220859 job    81 on # 1 of server silkroad COMPLETED
t:     220859 job    83 on # 1 of server silkroad RUNNING
t:     220859 job    85 on # 1 of server silkroad RUNNING
SENT JCPL 220859 81 silkroad 1
RCVD REDY
t:     220888 job    85 on # 1 of server silkroad COMPLETED
t:     220888 job    87 on # 1 of server silkroad RUNNING
SENT JCPL 220888 85 silkroad 1
RCVD REDY
t:     220989 job    83 on # 1 of server silkroad COMPLETED
SENT JCPL 220989 83 silkroad 1
RCVD REDY
t:     221033 job    79 on # 1 of server silkroad COMPLETED
SENT JCPL 221033 79 silkroad 1
RCVD REDY
t:     221052 job    87 on # 1 of server silkroad COMPLETED
SENT JCPL 221052 87 silkroad 1
RCVD REDY
t:     264520 job    92 on # 0 of server silkroad COMPLETED
SENT JCPL 264520 92 silkroad 0
RCVD REDY
t:     267140 job    77 on # 1 of server silkroad COMPLETED
t:     267140 job    89 on # 1 of server silkroad RUNNING
SENT JCPL 267140 77 silkroad 1
RCVD REDY
t:     267370 job    89 on # 1 of server silkroad COMPLETED
t:     267370 job    91 on # 1 of server silkroad RUNNING
t:     267370 job    93 on # 1 of server silkroad RUNNING
t:     267370 job    95 on # 1 of server silkroad RUNNING
SENT JCPL 267370 89 silkroad 1
RCVD REDY
t:     268220 job    80 on # 0 of server silkroad COMPLETED
t:     268220 job    94 on # 0 of server silkroad RUNNING
t:     268220 job    96 on # 0 of server silkroad RUNNING
t:     268220 job    98 on # 0 of server silkroad RUNNING
SENT JCPL 268220 80 silkroad 0
RCVD REDY
t:     268229 job    94 on # 0 of server silkroad COMPLETED
SENT JCPL 268229 94 silkroad 0
RCVD REDY
t:     268427 job    98 on # 0 of server silkroad COMPLETED
SENT JCPL 268427 98 silkroad 0
RCVD REDY
t:     268494 job    91 on # 1 of server silkroad COMPLETED
t:     268494 job    97 on # 1 of server silkroad RUNNING
SENT JCPL 268494 91 silkroad 1
RCVD REDY
t:     268690 job    95 on # 1 of server silkroad COMPLETED
t:     268690 job    99 on # 1 of server silkroad RUNNING
SENT JCPL 268690 95 silkroad 1
RCVD REDY
t:     268796 job    96 on # 0 of server silkroad COMPLETED
SENT JCPL 268796 96 silkroad 0
RCVD REDY
t:     269880 job    99 on # 1 of server silkroad COMPLETED
SENT JCPL 269880 99 silkroad 1
RCVD REDY
t:     327288 job    93 on # 1 of server silkroad COMPLETED
SENT JCPL 327288 93 silkroad 1
RCVD REDY
t:     329419 job    97 on # 1 of server silkroad COMPLETED
SENT JCPL 329419 97 silkroad 1
RCVD REDY
SENT NONE
RCVD QUIT
SENT QUIT
# -------------------------------------------------------------------------------------
# 0 offload servers used with a utilisation of 0.00 at the cost of $0.00
# 0 highway servers used with a utilisation of 0.00 at the cost of $0.00
# 2 silkroad servers used with a utilisation of 100.00 at the cost of $132.88
# ==================================== [ Summary ] ====================================
# actual simulation end time: 329419, #jobs: 100 (failed 0 times)
# total #servers used: 2, avg util: 100.00% (ef. usage: 100.00%), total cost: $132.88
# avg waiting time: 68086, avg exec time: 10991, avg turnaround time: 79077
